// Jest Snapshot v1, https://goo.gl/fbAQLP

exports[`Order.js getDate has been called 1`] = `
<div
  className="Order"
>
  <div
    className="Order-header"
  >
    <span
      className="Order-shop"
    >
      Alihandro Express
    </span>
    <span
      id="date"
    >
      11 января
    </span>
  </div>
  <div
    className="Order-items"
  >
    <div
      className="Order-item"
      key="0"
    >
      Утиный пластмасса для показ новый год
    </div>
    <div
      className="Order-item"
      key="1"
    >
      Курица из нержавеющей стали, утка, гусь, голубь, питьевой фонтан
    </div>
    <div
      className="Order-item"
      key="2"
    >
      Новый стиль один розница яйцо для упаковки форма латекс
    </div>
  </div>
</div>
`;

exports[`Order.js getDate has been called 2`] = `
<div
  className="Order"
>
  <div
    className="Order-header"
  >
    <span
      className="Order-shop"
    >
      shop
    </span>
    <span
      id="date"
    >
      11 января
    </span>
  </div>
  <div
    className="Order-items"
  />
</div>
`;

exports[`Order.js order is null 1`] = `""`;

exports[`Order.js shop and date are null 1`] = `""`;
